[2026-09-14 08:10:32] Mail failed: Extension missing: openssl

New project enquiry from the Axys3D website

Name: EMAN NIAZ
Work email: eman@gmail.com
Company: corAxys
Project type: 3D Modeling
Project stage: Design Development
Discipline: Architecture
Available source information: Revit / BIM Model
Required deliverable: Registers / Reports
Target date: 2026-12-30

Project brief:
MY name is eman niaz i am currently working at coraxys which is located in gulberg greens

Additional information:
yes no

-----
[2026-09-14 08:32:22] Mail failed: Extension missing: openssl

New project enquiry from the Axys3D website

Name: Danish
Work email: danish@gmail.com
Company: ABC
Project type: Real-time / Interactive
Project stage: Construction
Discipline: Civil
Available source information: CAD / DWG Drawings
Required deliverable: Renders
Target date: 2027-10-30

Project brief:
hi my name is danish and i want to start work with you related to construction

Additional information:
no

-----
[2026-09-14 09:32:49] Mail failed: Extension missing: openssl

New project enquiry from the Axys3D website

Name: Danish
Work email: danish@gmail.com
Company: ABC
Project type: Real-time / Interactive
Project stage: Construction
Discipline: Civil
Available source information: CAD / DWG Drawings
Required deliverable: Renders
Target date: 2027-10-30

Project brief:
hi my name is danish and i want to start work with you related to construction

Additional information:
no

-----
[2026-09-14 09:34:42] Mail failed: Extension missing: openssl

New project enquiry from the Axys3D website

Name: adeen
Work email: adeen@gmail.com
Company: def
Project type: Real-time / Interactive
Project stage: Construction
Discipline: Civil
Available source information: CAD / DWG Drawings
Required deliverable: Renders
Target date: 2027-10-30

Project brief:
hi my name is adeen and i want to start work with you related to construction

Additional information:
no

-----
